{"level":"error","message":"Server started... ###################","timestamp":"2015-10-22T10:49:35.324Z"}
{"level":"info","message":"Server started... ###################","timestamp":"2015-10-22T10:49:48.462Z"}
